
------------------------------------------------------------
🚨 [WARNING] - 2026-02-16 19:41:32
------------------------------------------------------------
MESSAGE:  mysqli::__construct(): (HY000/2002): No connection could be made because the target machine actively refused it
FILE:     C:\xampp\htdocs\fixpoint\config\database.php
LINE:     10
URL:      GET /FixPoint/auth/login.php
IP:       ::1
USER:     Not logged in
------------------------------------------------------------

------------------------------------------------------------
🚨 [WARNING] - 2026-02-16 19:41:40
------------------------------------------------------------
MESSAGE:  mysqli::__construct(): Error while reading greeting packet. PID=7116
FILE:     C:\xampp\htdocs\fixpoint\config\database.php
LINE:     10
URL:      GET /FixPoint/auth/login.php
IP:       ::1
USER:     Not logged in
------------------------------------------------------------

------------------------------------------------------------
🚨 [WARNING] - 2026-02-16 19:41:40
------------------------------------------------------------
MESSAGE:  mysqli::__construct(): (HY000/2006): MySQL server has gone away
FILE:     C:\xampp\htdocs\fixpoint\config\database.php
LINE:     10
URL:      GET /FixPoint/auth/login.php
IP:       ::1
USER:     Not logged in
------------------------------------------------------------

------------------------------------------------------------
🚨 [WARNING] - 2026-02-16 19:51:41
------------------------------------------------------------
MESSAGE:  mysqli::__construct(): (HY000/2002): No connection could be made because the target machine actively refused it
FILE:     C:\xampp\htdocs\fixpoint\config\database.php
LINE:     10
URL:      GET /FixPoint/admin/dashboard.php
IP:       ::1
USER:     UserID: 1, Name: System Administrator, Role: Admin
------------------------------------------------------------

------------------------------------------------------------
🚨 [WARNING] - 2026-02-17 20:24:37
------------------------------------------------------------
MESSAGE:  Undefined variable $old_status_name
FILE:     C:\xampp\htdocs\fixpoint\admin\request-details.php
LINE:     121
URL:      POST /FixPoint/admin/request-details.php?id=4
IP:       ::1
USER:     UserID: 1, Name: System Administrator, Role: Admin
------------------------------------------------------------

------------------------------------------------------------
🚨 [WARNING] - 2026-02-17 20:24:37
------------------------------------------------------------
MESSAGE:  Undefined variable $new_status_name
FILE:     C:\xampp\htdocs\fixpoint\admin\request-details.php
LINE:     121
URL:      POST /FixPoint/admin/request-details.php?id=4
IP:       ::1
USER:     UserID: 1, Name: System Administrator, Role: Admin
------------------------------------------------------------

------------------------------------------------------------
🚨 [WARNING] - 2026-02-17 20:24:37
------------------------------------------------------------
MESSAGE:  Undefined variable $new_status_name
FILE:     C:\xampp\htdocs\fixpoint\admin\request-details.php
LINE:     139
URL:      POST /FixPoint/admin/request-details.php?id=4
IP:       ::1
USER:     UserID: 1, Name: System Administrator, Role: Admin
------------------------------------------------------------

------------------------------------------------------------
🚨 [WARNING] - 2026-02-18 02:21:26
------------------------------------------------------------
MESSAGE:  mysqli::__construct(): (HY000/2002): No connection could be made because the target machine actively refused it
FILE:     C:\xampp\htdocs\fixpoint\config\database.php
LINE:     10
URL:      GET /FixPoint/auth/login.php
IP:       ::1
USER:     Not logged in
------------------------------------------------------------

------------------------------------------------------------
🚨 [UNCAUGHT EXCEPTION] - 2026-02-18 02:27:17
------------------------------------------------------------
MESSAGE:  Call to a member function fetch_all() on bool
FILE:     C:\xampp\htdocs\fixpoint\admin\audit-logs.php
LINE:     71
URL:      GET /FixPoint/admin/audit-logs.php
IP:       ::1
USER:     UserID: 1, Name: System Administrator, Role: Admin
TRACE:
#0 {main}
------------------------------------------------------------

------------------------------------------------------------
🚨 [WARNING] - 2026-02-18 19:20:32
------------------------------------------------------------
MESSAGE:  Undefined variable $old_status_name
FILE:     C:\xampp\htdocs\fixpoint\admin\request-details.php
LINE:     121
URL:      POST /FixPoint/admin/request-details.php?id=5
IP:       ::1
USER:     UserID: 1, Name: System Administrator, Role: Admin
------------------------------------------------------------

------------------------------------------------------------
🚨 [WARNING] - 2026-02-18 19:20:32
------------------------------------------------------------
MESSAGE:  Undefined variable $new_status_name
FILE:     C:\xampp\htdocs\fixpoint\admin\request-details.php
LINE:     121
URL:      POST /FixPoint/admin/request-details.php?id=5
IP:       ::1
USER:     UserID: 1, Name: System Administrator, Role: Admin
------------------------------------------------------------

------------------------------------------------------------
🚨 [WARNING] - 2026-02-18 19:20:32
------------------------------------------------------------
MESSAGE:  Undefined variable $new_status_name
FILE:     C:\xampp\htdocs\fixpoint\admin\request-details.php
LINE:     139
URL:      POST /FixPoint/admin/request-details.php?id=5
IP:       ::1
USER:     UserID: 1, Name: System Administrator, Role: Admin
------------------------------------------------------------

------------------------------------------------------------
🚨 [WARNING] - 2026-02-18 20:04:49
------------------------------------------------------------
MESSAGE:  Undefined variable $old_status_name
FILE:     C:\xampp\htdocs\fixpoint\admin\request-details.php
LINE:     121
URL:      POST /FixPoint/admin/request-details.php?id=6
IP:       ::1
USER:     UserID: 1, Name: System Administrator, Role: Admin
------------------------------------------------------------

------------------------------------------------------------
🚨 [WARNING] - 2026-02-18 20:04:49
------------------------------------------------------------
MESSAGE:  Undefined variable $new_status_name
FILE:     C:\xampp\htdocs\fixpoint\admin\request-details.php
LINE:     121
URL:      POST /FixPoint/admin/request-details.php?id=6
IP:       ::1
USER:     UserID: 1, Name: System Administrator, Role: Admin
------------------------------------------------------------

------------------------------------------------------------
🚨 [WARNING] - 2026-02-18 20:04:49
------------------------------------------------------------
MESSAGE:  Undefined variable $new_status_name
FILE:     C:\xampp\htdocs\fixpoint\admin\request-details.php
LINE:     139
URL:      POST /FixPoint/admin/request-details.php?id=6
IP:       ::1
USER:     UserID: 1, Name: System Administrator, Role: Admin
------------------------------------------------------------

------------------------------------------------------------
🚨 [FATAL SHUTDOWN ERROR] - 2026-02-24 04:18:41
------------------------------------------------------------
MESSAGE:  Cannot redeclare timeAgo() (previously declared in C:\xampp\htdocs\fixpoint\includes\notification-bell.php:464)
FILE:     C:\xampp\htdocs\fixpoint\includes\notification-bell.php
LINE:     464
URL:      GET /FixPoint/admin/dashboard.php
IP:       ::1
USER:     UserID: 1, Name: System Administrator, Role: Admin
------------------------------------------------------------

------------------------------------------------------------
🚨 [FATAL SHUTDOWN ERROR] - 2026-02-24 04:18:54
------------------------------------------------------------
MESSAGE:  Cannot redeclare timeAgo() (previously declared in C:\xampp\htdocs\fixpoint\includes\notification-bell.php:464)
FILE:     C:\xampp\htdocs\fixpoint\includes\notification-bell.php
LINE:     464
URL:      GET /FixPoint/admin/dashboard.php
IP:       ::1
USER:     UserID: 1, Name: System Administrator, Role: Admin
------------------------------------------------------------

------------------------------------------------------------
🚨 [FATAL SHUTDOWN ERROR] - 2026-02-24 04:19:14
------------------------------------------------------------
MESSAGE:  Cannot redeclare timeAgo() (previously declared in C:\xampp\htdocs\fixpoint\includes\notification-bell.php:464)
FILE:     C:\xampp\htdocs\fixpoint\includes\notification-bell.php
LINE:     464
URL:      GET /FixPoint/admin/dashboard.php
IP:       ::1
USER:     UserID: 1, Name: System Administrator, Role: Admin
------------------------------------------------------------

------------------------------------------------------------
🚨 [UNCAUGHT EXCEPTION] - 2026-02-24 04:22:31
------------------------------------------------------------
MESSAGE:  Call to undefined function timeAgo()
FILE:     C:\xampp\htdocs\fixpoint\includes\notification-bell.php
LINE:     313
URL:      GET /FixPoint/admin/dashboard.php
IP:       ::1
USER:     UserID: 1, Name: System Administrator, Role: Admin
TRACE:
#0 C:\xampp\htdocs\fixpoint\admin\dashboard.php(93): include_once()
#1 {main}
------------------------------------------------------------
